[sowix.online/index.html]
[backblue.gif]
[fade.gif]
[index.html]
[sowix.online/index.html]
[sowix.online/login.html]
[sowix.online/assets/plugins/bootstrap/css/bootstrap.min.css]
[sowix.online/assets/plugins/font-awesome/css/all.min.css]
[sowix.online/assets/plugins/perfectscroll/perfect-scrollbar.css]
[sowix.online/assets/plugins/pace/pace.css]
[sowix.online/assets/images/trr.png]
[sowix.online/assets/css/main.min.css]
[sowix.online/assets/css/custom.css]
[sowix.online/assets/plugins/jquery/jquery-3.4.1.min.js]
[sowix.online/assets/plugins/bootstrap/js/bootstrap.min.js]
[sowix.online/assets/plugins/perfectscroll/perfect-scrollbar.min.js]
[sowix.online/assets/plugins/pace/pace.min.js]
[sowix.online/assets/plugins/jquery.toast/jquery.toast.js]
[www.google.com/recaptcha/api.js]
[sowix.online/assets/js/main.min.js]
[sowix.online/login.html]
[sowix.online/swx.mp3]
[sowix.online/assets/plugins/bootstrap/css/bootstrap.min.css]
[sowix.online/assets/plugins/font-awesome/webfonts/fa-brands-400.eot]
[sowix.online/assets/plugins/font-awesome/webfonts/fa-brands-400.woff2]
[sowix.online/assets/plugins/font-awesome/webfonts/fa-brands-400d41d.eot]
[sowix.online/assets/plugins/font-awesome/webfonts/fa-brands-400.woff]
[sowix.online/assets/plugins/font-awesome/webfonts/fa-brands-400.ttf]
[sowix.online/assets/plugins/font-awesome/webfonts/fa-brands-400.svg]
[sowix.online/assets/plugins/font-awesome/webfonts/fa-regular-400.eot]
[sowix.online/assets/plugins/font-awesome/webfonts/fa-regular-400d41d.eot]
[sowix.online/assets/plugins/font-awesome/webfonts/fa-regular-400.woff2]
[sowix.online/assets/plugins/font-awesome/webfonts/fa-regular-400.woff]
[sowix.online/assets/plugins/font-awesome/webfonts/fa-regular-400.ttf]
[sowix.online/assets/plugins/font-awesome/webfonts/fa-regular-400.svg]
[sowix.online/assets/plugins/font-awesome/webfonts/fa-solid-900.eot]
[sowix.online/assets/plugins/font-awesome/webfonts/fa-solid-900d41d.eot]
[sowix.online/assets/plugins/font-awesome/webfonts/fa-solid-900.woff2]
[sowix.online/assets/plugins/font-awesome/webfonts/fa-solid-900.woff]
[sowix.online/assets/plugins/font-awesome/webfonts/fa-solid-900.ttf]
[sowix.online/assets/plugins/font-awesome/webfonts/fa-solid-900.svg]
[sowix.online/assets/plugins/font-awesome/css/all.min.css]
[sowix.online/assets/plugins/perfectscroll/perfect-scrollbar.css]
[sowix.online/assets/plugins/pace/pace.css]
[sowix.online/assets/images/trr.html]
[sowix.online/assets/images/500.svg]
[sowix.online/assets/images/profile-bg.jpg]
[sowix.online/assets/css/main.min.css]
[sowix.online/assets/css/custom.css]
[sowix.online/assets/plugins/sweetalert/sweetalert2@8.html]
[sowix.online/assets/plugins/font-awesome/webfonts/fa-brands-400.html]
[sowix.online/assets/plugins/font-awesome/webfonts/fa-regular-400.html]
[sowix.online/assets/plugins/font-awesome/webfonts/fa-solid-900.html]
[sowix.online/assets/images/500.html]
